{"synthetic": false,
 "outputs":
 {"o": ["16768047926373402406"],
  "i": "16576408942779485322",
  "c": "2687354512236485070"},
 "log":
 [{"message":
   ".> LEAN_PATH=/Users/newcomb/galois/SAILRISCV/glssail/sail-riscv/build/model/Lean_RV64D_executable/.lake/build/lib/lean /Users/newcomb/.elan/toolchains/leanprover--lean4-nightly---nightly-2025-07-10/bin/lean --tstack=400000 /Users/newcomb/galois/SAILRISCV/glssail/sail-riscv/build/model/Lean_RV64D_executable/LeanRV64DExecutable/Flow.lean -o /Users/newcomb/galois/SAILRISCV/glssail/sail-riscv/build/model/Lean_RV64D_executable/.lake/build/lib/lean/LeanRV64DExecutable/Flow.olean -i /Users/newcomb/galois/SAILRISCV/glssail/sail-riscv/build/model/Lean_RV64D_executable/.lake/build/lib/lean/LeanRV64DExecutable/Flow.ilean -c /Users/newcomb/galois/SAILRISCV/glssail/sail-riscv/build/model/Lean_RV64D_executable/.lake/build/ir/LeanRV64DExecutable/Flow.c --setup /Users/newcomb/galois/SAILRISCV/glssail/sail-riscv/build/model/Lean_RV64D_executable/.lake/build/ir/LeanRV64DExecutable/Flow.setup.json --json",
   "level": "trace"}],
 "inputs":
 [["LeanRV64DExecutable.Flow:deps",
   [["deps",
     [["Lean_RV64D_executable/LeanRV64DExecutable:extraDep",
       [["@Lean_RV64D_executable:extraDep", "1723"]]],
      ["import oleans",
       [["LeanRV64DExecutable.Sail.Sail:olean",
         [["LeanRV64DExecutable.Sail.Sail:deps", "12720339749678921893"],
          ["/Users/newcomb/galois/SAILRISCV/glssail/sail-riscv/build/model/Lean_RV64D_executable/.lake/build/lib/lean/LeanRV64DExecutable/Sail/Sail.olean",
           "6791943497775814081"]]],
        ["LeanRV64DExecutable.Sail.BitVec:olean",
         [["LeanRV64DExecutable.Sail.BitVec:deps", "12720339749678921893"],
          ["/Users/newcomb/galois/SAILRISCV/glssail/sail-riscv/build/model/Lean_RV64D_executable/.lake/build/lib/lean/LeanRV64DExecutable/Sail/BitVec.olean",
           "6993606685052388776"]]],
        ["LeanRV64DExecutable.Sail.IntRange:olean",
         [["LeanRV64DExecutable.Sail.IntRange:deps", "12720339749678921893"],
          ["/Users/newcomb/galois/SAILRISCV/glssail/sail-riscv/build/model/Lean_RV64D_executable/.lake/build/lib/lean/LeanRV64DExecutable/Sail/IntRange.olean",
           "909532678915570568"]]],
        ["LeanRV64DExecutable.Defs:olean",
         [["LeanRV64DExecutable.Defs:deps", "11970661013669283225"],
          ["/Users/newcomb/galois/SAILRISCV/glssail/sail-riscv/build/model/Lean_RV64D_executable/.lake/build/lib/lean/LeanRV64DExecutable/Defs.olean",
           "15304063471941816872"]]],
        ["LeanRV64DExecutable.Specialization:olean",
         [["LeanRV64DExecutable.Specialization:deps", "10726752519440720519"],
          ["/Users/newcomb/galois/SAILRISCV/glssail/sail-riscv/build/model/Lean_RV64D_executable/.lake/build/lib/lean/LeanRV64DExecutable/Specialization.olean",
           "1503891612620500742"]]],
        ["LeanRV64DExecutable.FakeReal:olean",
         [["LeanRV64DExecutable.FakeReal:deps", "10726752519440720519"],
          ["/Users/newcomb/galois/SAILRISCV/glssail/sail-riscv/build/model/Lean_RV64D_executable/.lake/build/lib/lean/LeanRV64DExecutable/FakeReal.olean",
           "50932764298070158"]]],
        ["LeanRV64DExecutable.RiscvExtrasExecutable:olean",
         [["LeanRV64DExecutable.RiscvExtrasExecutable:deps",
           "10726752519440720519"],
          ["/Users/newcomb/galois/SAILRISCV/glssail/sail-riscv/build/model/Lean_RV64D_executable/.lake/build/lib/lean/LeanRV64DExecutable/RiscvExtrasExecutable.olean",
           "16659804726595835787"]]]]]]],
    ["libs",
     [["import dynlibs", "1723"],
      ["package external libraries", "1723"],
      ["module dynlibs", "1723"],
      ["module plugins", "1723"]]]]],
  ["Lean 4.23.0, commit 18a82c04fc59d3dba392308e09d65ee431240d89",
   "1151218723830368976"],
  ["/Users/newcomb/galois/SAILRISCV/glssail/sail-riscv/build/model/Lean_RV64D_executable/LeanRV64DExecutable/Flow.lean",
   "2918028952926319318"],
  ["options", [["-Dweak.linter.style.nameCheck=false", "4240153834754761459"]]],
  ["Module.leanArgs: #[--tstack=400000]", "7360337374730004835"]],
 "depHash": "15627702475654243242"}