{"synthetic": false,
 "outputs":
 {"o": ["9083457231715335671"],
  "i": "10752920790785828157",
  "c": "4858411703164902783"},
 "log":
 [{"message":
   ".> LEAN_PATH=/Users/newcomb/galois/SAILRISCV/glssail/sail-riscv/build/model/Lean_RV64D_executable/.lake/build/lib/lean /Users/newcomb/.elan/toolchains/leanprover--lean4-nightly---nightly-2025-07-10/bin/lean --tstack=400000 /Users/newcomb/galois/SAILRISCV/glssail/sail-riscv/build/model/Lean_RV64D_executable/LeanRV64DExecutable/RiscvInstsZicsr.lean -o /Users/newcomb/galois/SAILRISCV/glssail/sail-riscv/build/model/Lean_RV64D_executable/.lake/build/lib/lean/LeanRV64DExecutable/RiscvInstsZicsr.olean -i /Users/newcomb/galois/SAILRISCV/glssail/sail-riscv/build/model/Lean_RV64D_executable/.lake/build/lib/lean/LeanRV64DExecutable/RiscvInstsZicsr.ilean -c /Users/newcomb/galois/SAILRISCV/glssail/sail-riscv/build/model/Lean_RV64D_executable/.lake/build/ir/LeanRV64DExecutable/RiscvInstsZicsr.c --setup /Users/newcomb/galois/SAILRISCV/glssail/sail-riscv/build/model/Lean_RV64D_executable/.lake/build/ir/LeanRV64DExecutable/RiscvInstsZicsr.setup.json --json",
   "level": "trace"}],
 "inputs":
 [["LeanRV64DExecutable.RiscvInstsZicsr:deps",
   [["deps",
     [["Lean_RV64D_executable/LeanRV64DExecutable:extraDep",
       [["@Lean_RV64D_executable:extraDep", "1723"]]],
      ["import oleans",
       [["LeanRV64DExecutable.Prelude:olean",
         [["LeanRV64DExecutable.Prelude:deps", "5697893746860788066"],
          ["/Users/newcomb/galois/SAILRISCV/glssail/sail-riscv/build/model/Lean_RV64D_executable/.lake/build/lib/lean/LeanRV64DExecutable/Prelude.olean",
           "13102004705625250643"]]],
        ["LeanRV64DExecutable.RiscvErrors:olean",
         [["LeanRV64DExecutable.RiscvErrors:deps", "11445142439830965580"],
          ["/Users/newcomb/galois/SAILRISCV/glssail/sail-riscv/build/model/Lean_RV64D_executable/.lake/build/lib/lean/LeanRV64DExecutable/RiscvErrors.olean",
           "15517804430349613195"]]],
        ["LeanRV64DExecutable.RiscvXlen:olean",
         [["LeanRV64DExecutable.RiscvXlen:deps", "11445142439830965580"],
          ["/Users/newcomb/galois/SAILRISCV/glssail/sail-riscv/build/model/Lean_RV64D_executable/.lake/build/lib/lean/LeanRV64DExecutable/RiscvXlen.olean",
           "18339709477768402598"]]],
        ["LeanRV64DExecutable.RiscvTypes:olean",
         [["LeanRV64DExecutable.RiscvTypes:deps", "11746920514244082917"],
          ["/Users/newcomb/galois/SAILRISCV/glssail/sail-riscv/build/model/Lean_RV64D_executable/.lake/build/lib/lean/LeanRV64DExecutable/RiscvTypes.olean",
           "10992456314418692778"]]],
        ["LeanRV64DExecutable.RiscvCallbacks:olean",
         [["LeanRV64DExecutable.RiscvCallbacks:deps", "10663875601960190739"],
          ["/Users/newcomb/galois/SAILRISCV/glssail/sail-riscv/build/model/Lean_RV64D_executable/.lake/build/lib/lean/LeanRV64DExecutable/RiscvCallbacks.olean",
           "16118293100229353184"]]],
        ["LeanRV64DExecutable.RiscvRegs:olean",
         [["LeanRV64DExecutable.RiscvRegs:deps", "14208991578133680042"],
          ["/Users/newcomb/galois/SAILRISCV/glssail/sail-riscv/build/model/Lean_RV64D_executable/.lake/build/lib/lean/LeanRV64DExecutable/RiscvRegs.olean",
           "12891912493539972483"]]],
        ["LeanRV64DExecutable.RiscvSysRegs:olean",
         [["LeanRV64DExecutable.RiscvSysRegs:deps", "13709893632851475931"],
          ["/Users/newcomb/galois/SAILRISCV/glssail/sail-riscv/build/model/Lean_RV64D_executable/.lake/build/lib/lean/LeanRV64DExecutable/RiscvSysRegs.olean",
           "4960311433398314267"]]],
        ["LeanRV64DExecutable.RiscvPmpRegs:olean",
         [["LeanRV64DExecutable.RiscvPmpRegs:deps", "7474368229801640666"],
          ["/Users/newcomb/galois/SAILRISCV/glssail/sail-riscv/build/model/Lean_RV64D_executable/.lake/build/lib/lean/LeanRV64DExecutable/RiscvPmpRegs.olean",
           "17827222394958422984"]]],
        ["LeanRV64DExecutable.RiscvExtRegs:olean",
         [["LeanRV64DExecutable.RiscvExtRegs:deps", "11445142439830965580"],
          ["/Users/newcomb/galois/SAILRISCV/glssail/sail-riscv/build/model/Lean_RV64D_executable/.lake/build/lib/lean/LeanRV64DExecutable/RiscvExtRegs.olean",
           "13477500567441252898"]]],
        ["LeanRV64DExecutable.RiscvVextRegs:olean",
         [["LeanRV64DExecutable.RiscvVextRegs:deps", "16017076707417706631"],
          ["/Users/newcomb/galois/SAILRISCV/glssail/sail-riscv/build/model/Lean_RV64D_executable/.lake/build/lib/lean/LeanRV64DExecutable/RiscvVextRegs.olean",
           "17273240417709877576"]]],
        ["LeanRV64DExecutable.RiscvVextControl:olean",
         [["LeanRV64DExecutable.RiscvVextControl:deps", "17486449703144984625"],
          ["/Users/newcomb/galois/SAILRISCV/glssail/sail-riscv/build/model/Lean_RV64D_executable/.lake/build/lib/lean/LeanRV64DExecutable/RiscvVextControl.olean",
           "11352794681129311036"]]],
        ["LeanRV64DExecutable.RiscvSysExceptions:olean",
         [["LeanRV64DExecutable.RiscvSysExceptions:deps",
           "4702954104243338026"],
          ["/Users/newcomb/galois/SAILRISCV/glssail/sail-riscv/build/model/Lean_RV64D_executable/.lake/build/lib/lean/LeanRV64DExecutable/RiscvSysExceptions.olean",
           "11143475308160149126"]]],
        ["LeanRV64DExecutable.RiscvZihpm:olean",
         [["LeanRV64DExecutable.RiscvZihpm:deps", "16391840155426990455"],
          ["/Users/newcomb/galois/SAILRISCV/glssail/sail-riscv/build/model/Lean_RV64D_executable/.lake/build/lib/lean/LeanRV64DExecutable/RiscvZihpm.olean",
           "15274301543855768386"]]],
        ["LeanRV64DExecutable.RiscvSscofpmf:olean",
         [["LeanRV64DExecutable.RiscvSscofpmf:deps", "1103744520678765238"],
          ["/Users/newcomb/galois/SAILRISCV/glssail/sail-riscv/build/model/Lean_RV64D_executable/.lake/build/lib/lean/LeanRV64DExecutable/RiscvSscofpmf.olean",
           "7445213351537315911"]]],
        ["LeanRV64DExecutable.RiscvZkrControl:olean",
         [["LeanRV64DExecutable.RiscvZkrControl:deps", "7939943275503158233"],
          ["/Users/newcomb/galois/SAILRISCV/glssail/sail-riscv/build/model/Lean_RV64D_executable/.lake/build/lib/lean/LeanRV64DExecutable/RiscvZkrControl.olean",
           "3631029923830177172"]]],
        ["LeanRV64DExecutable.RiscvSmcntrpmf:olean",
         [["LeanRV64DExecutable.RiscvSmcntrpmf:deps", "18358589565386438818"],
          ["/Users/newcomb/galois/SAILRISCV/glssail/sail-riscv/build/model/Lean_RV64D_executable/.lake/build/lib/lean/LeanRV64DExecutable/RiscvSmcntrpmf.olean",
           "5741943548067022489"]]],
        ["LeanRV64DExecutable.RiscvSysControl:olean",
         [["LeanRV64DExecutable.RiscvSysControl:deps", "345644002399909641"],
          ["/Users/newcomb/galois/SAILRISCV/glssail/sail-riscv/build/model/Lean_RV64D_executable/.lake/build/lib/lean/LeanRV64DExecutable/RiscvSysControl.olean",
           "4320892304396700018"]]],
        ["LeanRV64DExecutable.RiscvInstRetire:olean",
         [["LeanRV64DExecutable.RiscvInstRetire:deps", "11445142439830965580"],
          ["/Users/newcomb/galois/SAILRISCV/glssail/sail-riscv/build/model/Lean_RV64D_executable/.lake/build/lib/lean/LeanRV64DExecutable/RiscvInstRetire.olean",
           "12893469044883232401"]]]]]]],
    ["libs",
     [["import dynlibs", "1723"],
      ["package external libraries", "1723"],
      ["module dynlibs", "1723"],
      ["module plugins", "1723"]]]]],
  ["Lean 4.23.0, commit 18a82c04fc59d3dba392308e09d65ee431240d89",
   "1151218723830368976"],
  ["/Users/newcomb/galois/SAILRISCV/glssail/sail-riscv/build/model/Lean_RV64D_executable/LeanRV64DExecutable/RiscvInstsZicsr.lean",
   "2132184894448827856"],
  ["options", [["-Dweak.linter.style.nameCheck=false", "4240153834754761459"]]],
  ["Module.leanArgs: #[--tstack=400000]", "7360337374730004835"]],
 "depHash": "2687858038628496869"}