{"synthetic": false,
 "outputs":
 {"o": ["16435980583609837541"],
  "i": "1345398020015074290",
  "c": "12200859997766417269"},
 "log":
 [{"message":
   ".> LEAN_PATH=/Users/newcomb/galois/SAILRISCV/glssail/sail-riscv/build/model/Lean_RV64D_executable/.lake/build/lib/lean /Users/newcomb/.elan/toolchains/leanprover--lean4-nightly---nightly-2025-07-10/bin/lean --tstack=400000 /Users/newcomb/galois/SAILRISCV/glssail/sail-riscv/build/model/Lean_RV64D_executable/LeanRV64DExecutable/RiscvMem.lean -o /Users/newcomb/galois/SAILRISCV/glssail/sail-riscv/build/model/Lean_RV64D_executable/.lake/build/lib/lean/LeanRV64DExecutable/RiscvMem.olean -i /Users/newcomb/galois/SAILRISCV/glssail/sail-riscv/build/model/Lean_RV64D_executable/.lake/build/lib/lean/LeanRV64DExecutable/RiscvMem.ilean -c /Users/newcomb/galois/SAILRISCV/glssail/sail-riscv/build/model/Lean_RV64D_executable/.lake/build/ir/LeanRV64DExecutable/RiscvMem.c --setup /Users/newcomb/galois/SAILRISCV/glssail/sail-riscv/build/model/Lean_RV64D_executable/.lake/build/ir/LeanRV64DExecutable/RiscvMem.setup.json --json",
   "level": "trace"}],
 "inputs":
 [["LeanRV64DExecutable.RiscvMem:deps",
   [["deps",
     [["Lean_RV64D_executable/LeanRV64DExecutable:extraDep",
       [["@Lean_RV64D_executable:extraDep", "1723"]]],
      ["import oleans",
       [["LeanRV64DExecutable.Prelude:olean",
         [["LeanRV64DExecutable.Prelude:deps", "5697893746860788066"],
          ["/Users/newcomb/galois/SAILRISCV/glssail/sail-riscv/build/model/Lean_RV64D_executable/.lake/build/lib/lean/LeanRV64DExecutable/Prelude.olean",
           "13102004705625250643"]]],
        ["LeanRV64DExecutable.PreludeMemAddrtype:olean",
         [["LeanRV64DExecutable.PreludeMemAddrtype:deps",
           "11445142439830965580"],
          ["/Users/newcomb/galois/SAILRISCV/glssail/sail-riscv/build/model/Lean_RV64D_executable/.lake/build/lib/lean/LeanRV64DExecutable/PreludeMemAddrtype.olean",
           "10673675557383315598"]]],
        ["LeanRV64DExecutable.PreludeMemMetadata:olean",
         [["LeanRV64DExecutable.PreludeMemMetadata:deps",
           "11445142439830965580"],
          ["/Users/newcomb/galois/SAILRISCV/glssail/sail-riscv/build/model/Lean_RV64D_executable/.lake/build/lib/lean/LeanRV64DExecutable/PreludeMemMetadata.olean",
           "4622849009007197767"]]],
        ["LeanRV64DExecutable.PreludeMem:olean",
         [["LeanRV64DExecutable.PreludeMem:deps", "2055772720003306009"],
          ["/Users/newcomb/galois/SAILRISCV/glssail/sail-riscv/build/model/Lean_RV64D_executable/.lake/build/lib/lean/LeanRV64DExecutable/PreludeMem.olean",
           "5050684352113422725"]]],
        ["LeanRV64DExecutable.RiscvTypes:olean",
         [["LeanRV64DExecutable.RiscvTypes:deps", "11746920514244082917"],
          ["/Users/newcomb/galois/SAILRISCV/glssail/sail-riscv/build/model/Lean_RV64D_executable/.lake/build/lib/lean/LeanRV64DExecutable/RiscvTypes.olean",
           "10992456314418692778"]]],
        ["LeanRV64DExecutable.RiscvVmemTypes:olean",
         [["LeanRV64DExecutable.RiscvVmemTypes:deps", "11445142439830965580"],
          ["/Users/newcomb/galois/SAILRISCV/glssail/sail-riscv/build/model/Lean_RV64D_executable/.lake/build/lib/lean/LeanRV64DExecutable/RiscvVmemTypes.olean",
           "418936594522498822"]]],
        ["LeanRV64DExecutable.RiscvCallbacks:olean",
         [["LeanRV64DExecutable.RiscvCallbacks:deps", "10663875601960190739"],
          ["/Users/newcomb/galois/SAILRISCV/glssail/sail-riscv/build/model/Lean_RV64D_executable/.lake/build/lib/lean/LeanRV64DExecutable/RiscvCallbacks.olean",
           "16118293100229353184"]]],
        ["LeanRV64DExecutable.RiscvSysRegs:olean",
         [["LeanRV64DExecutable.RiscvSysRegs:deps", "13709893632851475931"],
          ["/Users/newcomb/galois/SAILRISCV/glssail/sail-riscv/build/model/Lean_RV64D_executable/.lake/build/lib/lean/LeanRV64DExecutable/RiscvSysRegs.olean",
           "4960311433398314267"]]],
        ["LeanRV64DExecutable.RiscvPmpRegs:olean",
         [["LeanRV64DExecutable.RiscvPmpRegs:deps", "7474368229801640666"],
          ["/Users/newcomb/galois/SAILRISCV/glssail/sail-riscv/build/model/Lean_RV64D_executable/.lake/build/lib/lean/LeanRV64DExecutable/RiscvPmpRegs.olean",
           "17827222394958422984"]]],
        ["LeanRV64DExecutable.RiscvPmpControl:olean",
         [["LeanRV64DExecutable.RiscvPmpControl:deps", "6133084788237056152"],
          ["/Users/newcomb/galois/SAILRISCV/glssail/sail-riscv/build/model/Lean_RV64D_executable/.lake/build/lib/lean/LeanRV64DExecutable/RiscvPmpControl.olean",
           "7289634320674512179"]]],
        ["LeanRV64DExecutable.RiscvAddrChecks:olean",
         [["LeanRV64DExecutable.RiscvAddrChecks:deps", "14120817423956629621"],
          ["/Users/newcomb/galois/SAILRISCV/glssail/sail-riscv/build/model/Lean_RV64D_executable/.lake/build/lib/lean/LeanRV64DExecutable/RiscvAddrChecks.olean",
           "15423150915389343173"]]],
        ["LeanRV64DExecutable.RiscvSysControl:olean",
         [["LeanRV64DExecutable.RiscvSysControl:deps", "345644002399909641"],
          ["/Users/newcomb/galois/SAILRISCV/glssail/sail-riscv/build/model/Lean_RV64D_executable/.lake/build/lib/lean/LeanRV64DExecutable/RiscvSysControl.olean",
           "4320892304396700018"]]],
        ["LeanRV64DExecutable.RiscvPlatform:olean",
         [["LeanRV64DExecutable.RiscvPlatform:deps", "13248982763884465139"],
          ["/Users/newcomb/galois/SAILRISCV/glssail/sail-riscv/build/model/Lean_RV64D_executable/.lake/build/lib/lean/LeanRV64DExecutable/RiscvPlatform.olean",
           "2659834319299498573"]]]]]]],
    ["libs",
     [["import dynlibs", "1723"],
      ["package external libraries", "1723"],
      ["module dynlibs", "1723"],
      ["module plugins", "1723"]]]]],
  ["Lean 4.23.0, commit 18a82c04fc59d3dba392308e09d65ee431240d89",
   "1151218723830368976"],
  ["/Users/newcomb/galois/SAILRISCV/glssail/sail-riscv/build/model/Lean_RV64D_executable/LeanRV64DExecutable/RiscvMem.lean",
   "648684386696714683"],
  ["options", [["-Dweak.linter.style.nameCheck=false", "4240153834754761459"]]],
  ["Module.leanArgs: #[--tstack=400000]", "7360337374730004835"]],
 "depHash": "8169726520410623332"}