{"synthetic": false,
 "outputs":
 {"o": ["11352794681129311036"],
  "i": "7316996477879660321",
  "c": "6907940677663300605"},
 "log":
 [{"message":
   ".> LEAN_PATH=/Users/newcomb/galois/SAILRISCV/glssail/sail-riscv/build/model/Lean_RV64D_executable/.lake/build/lib/lean /Users/newcomb/.elan/toolchains/leanprover--lean4-nightly---nightly-2025-07-10/bin/lean --tstack=400000 /Users/newcomb/galois/SAILRISCV/glssail/sail-riscv/build/model/Lean_RV64D_executable/LeanRV64DExecutable/RiscvVextControl.lean -o /Users/newcomb/galois/SAILRISCV/glssail/sail-riscv/build/model/Lean_RV64D_executable/.lake/build/lib/lean/LeanRV64DExecutable/RiscvVextControl.olean -i /Users/newcomb/galois/SAILRISCV/glssail/sail-riscv/build/model/Lean_RV64D_executable/.lake/build/lib/lean/LeanRV64DExecutable/RiscvVextControl.ilean -c /Users/newcomb/galois/SAILRISCV/glssail/sail-riscv/build/model/Lean_RV64D_executable/.lake/build/ir/LeanRV64DExecutable/RiscvVextControl.c --setup /Users/newcomb/galois/SAILRISCV/glssail/sail-riscv/build/model/Lean_RV64D_executable/.lake/build/ir/LeanRV64DExecutable/RiscvVextControl.setup.json --json",
   "level": "trace"}],
 "inputs":
 [["LeanRV64DExecutable.RiscvVextControl:deps",
   [["deps",
     [["Lean_RV64D_executable/LeanRV64DExecutable:extraDep",
       [["@Lean_RV64D_executable:extraDep", "1723"]]],
      ["import oleans",
       [["LeanRV64DExecutable.Prelude:olean",
         [["LeanRV64DExecutable.Prelude:deps", "5697893746860788066"],
          ["/Users/newcomb/galois/SAILRISCV/glssail/sail-riscv/build/model/Lean_RV64D_executable/.lake/build/lib/lean/LeanRV64DExecutable/Prelude.olean",
           "13102004705625250643"]]],
        ["LeanRV64DExecutable.RiscvVlen:olean",
         [["LeanRV64DExecutable.RiscvVlen:deps", "11445142439830965580"],
          ["/Users/newcomb/galois/SAILRISCV/glssail/sail-riscv/build/model/Lean_RV64D_executable/.lake/build/lib/lean/LeanRV64DExecutable/RiscvVlen.olean",
           "14348241742771424664"]]],
        ["LeanRV64DExecutable.RiscvCallbacks:olean",
         [["LeanRV64DExecutable.RiscvCallbacks:deps", "10663875601960190739"],
          ["/Users/newcomb/galois/SAILRISCV/glssail/sail-riscv/build/model/Lean_RV64D_executable/.lake/build/lib/lean/LeanRV64DExecutable/RiscvCallbacks.olean",
           "16118293100229353184"]]],
        ["LeanRV64DExecutable.RiscvVextRegs:olean",
         [["LeanRV64DExecutable.RiscvVextRegs:deps", "16017076707417706631"],
          ["/Users/newcomb/galois/SAILRISCV/glssail/sail-riscv/build/model/Lean_RV64D_executable/.lake/build/lib/lean/LeanRV64DExecutable/RiscvVextRegs.olean",
           "17273240417709877576"]]]]]]],
    ["libs",
     [["import dynlibs", "1723"],
      ["package external libraries", "1723"],
      ["module dynlibs", "1723"],
      ["module plugins", "1723"]]]]],
  ["Lean 4.23.0, commit 18a82c04fc59d3dba392308e09d65ee431240d89",
   "1151218723830368976"],
  ["/Users/newcomb/galois/SAILRISCV/glssail/sail-riscv/build/model/Lean_RV64D_executable/LeanRV64DExecutable/RiscvVextControl.lean",
   "8395926100452131940"],
  ["options", [["-Dweak.linter.style.nameCheck=false", "4240153834754761459"]]],
  ["Module.leanArgs: #[--tstack=400000]", "7360337374730004835"]],
 "depHash": "979679406685694710"}