{"synthetic": false,
 "outputs":
 {"o": ["14656634381165920466"],
  "i": "16422238315061644426",
  "c": "16399042633785456279"},
 "log":
 [{"message":
   ".> LEAN_PATH=/Users/newcomb/galois/SAILRISCV/glssail/sail-riscv/build/model/Lean_RV64D_executable/.lake/build/lib/lean /Users/newcomb/.elan/toolchains/leanprover--lean4-nightly---nightly-2025-07-10/bin/lean --tstack=400000 /Users/newcomb/galois/SAILRISCV/glssail/sail-riscv/build/model/Lean_RV64D_executable/LeanRV64DExecutable/RiscvStep.lean -o /Users/newcomb/galois/SAILRISCV/glssail/sail-riscv/build/model/Lean_RV64D_executable/.lake/build/lib/lean/LeanRV64DExecutable/RiscvStep.olean -i /Users/newcomb/galois/SAILRISCV/glssail/sail-riscv/build/model/Lean_RV64D_executable/.lake/build/lib/lean/LeanRV64DExecutable/RiscvStep.ilean -c /Users/newcomb/galois/SAILRISCV/glssail/sail-riscv/build/model/Lean_RV64D_executable/.lake/build/ir/LeanRV64DExecutable/RiscvStep.c --setup /Users/newcomb/galois/SAILRISCV/glssail/sail-riscv/build/model/Lean_RV64D_executable/.lake/build/ir/LeanRV64DExecutable/RiscvStep.setup.json --json",
   "level": "trace"}],
 "inputs":
 [["LeanRV64DExecutable.RiscvStep:deps",
   [["deps",
     [["Lean_RV64D_executable/LeanRV64DExecutable:extraDep",
       [["@Lean_RV64D_executable:extraDep", "1723"]]],
      ["import oleans",
       [["LeanRV64DExecutable.Prelude:olean",
         [["LeanRV64DExecutable.Prelude:deps", "5697893746860788066"],
          ["/Users/newcomb/galois/SAILRISCV/glssail/sail-riscv/build/model/Lean_RV64D_executable/.lake/build/lib/lean/LeanRV64DExecutable/Prelude.olean",
           "13102004705625250643"]]],
        ["LeanRV64DExecutable.Common:olean",
         [["LeanRV64DExecutable.Common:deps", "11445142439830965580"],
          ["/Users/newcomb/galois/SAILRISCV/glssail/sail-riscv/build/model/Lean_RV64D_executable/.lake/build/lib/lean/LeanRV64DExecutable/Common.olean",
           "3987240494383179788"]]],
        ["LeanRV64DExecutable.RiscvTypes:olean",
         [["LeanRV64DExecutable.RiscvTypes:deps", "11746920514244082917"],
          ["/Users/newcomb/galois/SAILRISCV/glssail/sail-riscv/build/model/Lean_RV64D_executable/.lake/build/lib/lean/LeanRV64DExecutable/RiscvTypes.olean",
           "10992456314418692778"]]],
        ["LeanRV64DExecutable.RiscvPcAccess:olean",
         [["LeanRV64DExecutable.RiscvPcAccess:deps", "7941128360318383524"],
          ["/Users/newcomb/galois/SAILRISCV/glssail/sail-riscv/build/model/Lean_RV64D_executable/.lake/build/lib/lean/LeanRV64DExecutable/RiscvPcAccess.olean",
           "11961336798215363982"]]],
        ["LeanRV64DExecutable.RiscvSysRegs:olean",
         [["LeanRV64DExecutable.RiscvSysRegs:deps", "13709893632851475931"],
          ["/Users/newcomb/galois/SAILRISCV/glssail/sail-riscv/build/model/Lean_RV64D_executable/.lake/build/lib/lean/LeanRV64DExecutable/RiscvSysRegs.olean",
           "4960311433398314267"]]],
        ["LeanRV64DExecutable.RiscvExtRegs:olean",
         [["LeanRV64DExecutable.RiscvExtRegs:deps", "11445142439830965580"],
          ["/Users/newcomb/galois/SAILRISCV/glssail/sail-riscv/build/model/Lean_RV64D_executable/.lake/build/lib/lean/LeanRV64DExecutable/RiscvExtRegs.olean",
           "13477500567441252898"]]],
        ["LeanRV64DExecutable.RiscvAddrChecks:olean",
         [["LeanRV64DExecutable.RiscvAddrChecks:deps", "14120817423956629621"],
          ["/Users/newcomb/galois/SAILRISCV/glssail/sail-riscv/build/model/Lean_RV64D_executable/.lake/build/lib/lean/LeanRV64DExecutable/RiscvAddrChecks.olean",
           "15423150915389343173"]]],
        ["LeanRV64DExecutable.RiscvSysExceptions:olean",
         [["LeanRV64DExecutable.RiscvSysExceptions:deps",
           "4702954104243338026"],
          ["/Users/newcomb/galois/SAILRISCV/glssail/sail-riscv/build/model/Lean_RV64D_executable/.lake/build/lib/lean/LeanRV64DExecutable/RiscvSysExceptions.olean",
           "11143475308160149126"]]],
        ["LeanRV64DExecutable.RiscvSmcntrpmf:olean",
         [["LeanRV64DExecutable.RiscvSmcntrpmf:deps", "18358589565386438818"],
          ["/Users/newcomb/galois/SAILRISCV/glssail/sail-riscv/build/model/Lean_RV64D_executable/.lake/build/lib/lean/LeanRV64DExecutable/RiscvSmcntrpmf.olean",
           "5741943548067022489"]]],
        ["LeanRV64DExecutable.RiscvSysControl:olean",
         [["LeanRV64DExecutable.RiscvSysControl:deps", "345644002399909641"],
          ["/Users/newcomb/galois/SAILRISCV/glssail/sail-riscv/build/model/Lean_RV64D_executable/.lake/build/lib/lean/LeanRV64DExecutable/RiscvSysControl.olean",
           "4320892304396700018"]]],
        ["LeanRV64DExecutable.RiscvPlatform:olean",
         [["LeanRV64DExecutable.RiscvPlatform:deps", "13248982763884465139"],
          ["/Users/newcomb/galois/SAILRISCV/glssail/sail-riscv/build/model/Lean_RV64D_executable/.lake/build/lib/lean/LeanRV64DExecutable/RiscvPlatform.olean",
           "2659834319299498573"]]],
        ["LeanRV64DExecutable.RiscvVmem:olean",
         [["LeanRV64DExecutable.RiscvVmem:deps", "15114495787524725595"],
          ["/Users/newcomb/galois/SAILRISCV/glssail/sail-riscv/build/model/Lean_RV64D_executable/.lake/build/lib/lean/LeanRV64DExecutable/RiscvVmem.olean",
           "13240646696918375134"]]],
        ["LeanRV64DExecutable.RiscvInstsEnd:olean",
         [["LeanRV64DExecutable.RiscvInstsEnd:deps", "15124373212485179391"],
          ["/Users/newcomb/galois/SAILRISCV/glssail/sail-riscv/build/model/Lean_RV64D_executable/.lake/build/lib/lean/LeanRV64DExecutable/RiscvInstsEnd.olean",
           "16387776694516536502"]]],
        ["LeanRV64DExecutable.RiscvStepCommon:olean",
         [["LeanRV64DExecutable.RiscvStepCommon:deps", "11445142439830965580"],
          ["/Users/newcomb/galois/SAILRISCV/glssail/sail-riscv/build/model/Lean_RV64D_executable/.lake/build/lib/lean/LeanRV64DExecutable/RiscvStepCommon.olean",
           "2798346089206814724"]]],
        ["LeanRV64DExecutable.RiscvStepExt:olean",
         [["LeanRV64DExecutable.RiscvStepExt:deps", "11445142439830965580"],
          ["/Users/newcomb/galois/SAILRISCV/glssail/sail-riscv/build/model/Lean_RV64D_executable/.lake/build/lib/lean/LeanRV64DExecutable/RiscvStepExt.olean",
           "105555331145953653"]]],
        ["LeanRV64DExecutable.RiscvDecodeExt:olean",
         [["LeanRV64DExecutable.RiscvDecodeExt:deps", "8831552200416909520"],
          ["/Users/newcomb/galois/SAILRISCV/glssail/sail-riscv/build/model/Lean_RV64D_executable/.lake/build/lib/lean/LeanRV64DExecutable/RiscvDecodeExt.olean",
           "4523681824592376354"]]],
        ["LeanRV64DExecutable.RiscvFetch:olean",
         [["LeanRV64DExecutable.RiscvFetch:deps", "10249449975514425617"],
          ["/Users/newcomb/galois/SAILRISCV/glssail/sail-riscv/build/model/Lean_RV64D_executable/.lake/build/lib/lean/LeanRV64DExecutable/RiscvFetch.olean",
           "1826069558331778235"]]]]]]],
    ["libs",
     [["import dynlibs", "1723"],
      ["package external libraries", "1723"],
      ["module dynlibs", "1723"],
      ["module plugins", "1723"]]]]],
  ["Lean 4.23.0, commit 18a82c04fc59d3dba392308e09d65ee431240d89",
   "1151218723830368976"],
  ["/Users/newcomb/galois/SAILRISCV/glssail/sail-riscv/build/model/Lean_RV64D_executable/LeanRV64DExecutable/RiscvStep.lean",
   "15181316833335705397"],
  ["options", [["-Dweak.linter.style.nameCheck=false", "4240153834754761459"]]],
  ["Module.leanArgs: #[--tstack=400000]", "7360337374730004835"]],
 "depHash": "7656882670459564846"}