{"synthetic": false,
 "outputs":
 {"o": ["13756689322315555980"],
  "i": "16410765709616657874",
  "c": "15997935587558734252"},
 "log":
 [{"message":
   ".> LEAN_PATH=/Users/newcomb/galois/SAILRISCV/glssail/sail-riscv/build/model/Lean_RV64D_executable/.lake/build/lib/lean /Users/newcomb/.elan/toolchains/leanprover--lean4-nightly---nightly-2025-07-10/bin/lean --tstack=400000 /Users/newcomb/galois/SAILRISCV/glssail/sail-riscv/build/model/Lean_RV64D_executable/LeanRV64DExecutable/RiscvVmemUtils.lean -o /Users/newcomb/galois/SAILRISCV/glssail/sail-riscv/build/model/Lean_RV64D_executable/.lake/build/lib/lean/LeanRV64DExecutable/RiscvVmemUtils.olean -i /Users/newcomb/galois/SAILRISCV/glssail/sail-riscv/build/model/Lean_RV64D_executable/.lake/build/lib/lean/LeanRV64DExecutable/RiscvVmemUtils.ilean -c /Users/newcomb/galois/SAILRISCV/glssail/sail-riscv/build/model/Lean_RV64D_executable/.lake/build/ir/LeanRV64DExecutable/RiscvVmemUtils.c --setup /Users/newcomb/galois/SAILRISCV/glssail/sail-riscv/build/model/Lean_RV64D_executable/.lake/build/ir/LeanRV64DExecutable/RiscvVmemUtils.setup.json --json",
   "level": "trace"}],
 "inputs":
 [["LeanRV64DExecutable.RiscvVmemUtils:deps",
   [["deps",
     [["Lean_RV64D_executable/LeanRV64DExecutable:extraDep",
       [["@Lean_RV64D_executable:extraDep", "1723"]]],
      ["import oleans",
       [["LeanRV64DExecutable.Prelude:olean",
         [["LeanRV64DExecutable.Prelude:deps", "5697893746860788066"],
          ["/Users/newcomb/galois/SAILRISCV/glssail/sail-riscv/build/model/Lean_RV64D_executable/.lake/build/lib/lean/LeanRV64DExecutable/Prelude.olean",
           "13102004705625250643"]]],
        ["LeanRV64DExecutable.PreludeMemAddrtype:olean",
         [["LeanRV64DExecutable.PreludeMemAddrtype:deps",
           "11445142439830965580"],
          ["/Users/newcomb/galois/SAILRISCV/glssail/sail-riscv/build/model/Lean_RV64D_executable/.lake/build/lib/lean/LeanRV64DExecutable/PreludeMemAddrtype.olean",
           "10673675557383315598"]]],
        ["LeanRV64DExecutable.RiscvTypes:olean",
         [["LeanRV64DExecutable.RiscvTypes:deps", "11746920514244082917"],
          ["/Users/newcomb/galois/SAILRISCV/glssail/sail-riscv/build/model/Lean_RV64D_executable/.lake/build/lib/lean/LeanRV64DExecutable/RiscvTypes.olean",
           "10992456314418692778"]]],
        ["LeanRV64DExecutable.RiscvAddrChecks:olean",
         [["LeanRV64DExecutable.RiscvAddrChecks:deps", "14120817423956629621"],
          ["/Users/newcomb/galois/SAILRISCV/glssail/sail-riscv/build/model/Lean_RV64D_executable/.lake/build/lib/lean/LeanRV64DExecutable/RiscvAddrChecks.olean",
           "15423150915389343173"]]],
        ["LeanRV64DExecutable.RiscvPlatform:olean",
         [["LeanRV64DExecutable.RiscvPlatform:deps", "13248982763884465139"],
          ["/Users/newcomb/galois/SAILRISCV/glssail/sail-riscv/build/model/Lean_RV64D_executable/.lake/build/lib/lean/LeanRV64DExecutable/RiscvPlatform.olean",
           "2659834319299498573"]]],
        ["LeanRV64DExecutable.RiscvMem:olean",
         [["LeanRV64DExecutable.RiscvMem:deps", "5325766476416334428"],
          ["/Users/newcomb/galois/SAILRISCV/glssail/sail-riscv/build/model/Lean_RV64D_executable/.lake/build/lib/lean/LeanRV64DExecutable/RiscvMem.olean",
           "16435980583609837541"]]],
        ["LeanRV64DExecutable.RiscvVmem:olean",
         [["LeanRV64DExecutable.RiscvVmem:deps", "15114495787524725595"],
          ["/Users/newcomb/galois/SAILRISCV/glssail/sail-riscv/build/model/Lean_RV64D_executable/.lake/build/lib/lean/LeanRV64DExecutable/RiscvVmem.olean",
           "13240646696918375134"]]]]]]],
    ["libs",
     [["import dynlibs", "1723"],
      ["package external libraries", "1723"],
      ["module dynlibs", "1723"],
      ["module plugins", "1723"]]]]],
  ["Lean 4.23.0, commit 18a82c04fc59d3dba392308e09d65ee431240d89",
   "1151218723830368976"],
  ["/Users/newcomb/galois/SAILRISCV/glssail/sail-riscv/build/model/Lean_RV64D_executable/LeanRV64DExecutable/RiscvVmemUtils.lean",
   "14019881382016100161"],
  ["options", [["-Dweak.linter.style.nameCheck=false", "4240153834754761459"]]],
  ["Module.leanArgs: #[--tstack=400000]", "7360337374730004835"]],
 "depHash": "18045073347374268077"}