{"synthetic": false,
 "outputs":
 {"o": ["16387776694516536502"],
  "i": "1987235825038809868",
  "c": "2587248248622601994"},
 "log":
 [{"message":
   ".> LEAN_PATH=/Users/newcomb/galois/SAILRISCV/glssail/sail-riscv/build/model/Lean_RV64D_executable/.lake/build/lib/lean /Users/newcomb/.elan/toolchains/leanprover--lean4-nightly---nightly-2025-07-10/bin/lean --tstack=400000 /Users/newcomb/galois/SAILRISCV/glssail/sail-riscv/build/model/Lean_RV64D_executable/LeanRV64DExecutable/RiscvInstsEnd.lean -o /Users/newcomb/galois/SAILRISCV/glssail/sail-riscv/build/model/Lean_RV64D_executable/.lake/build/lib/lean/LeanRV64DExecutable/RiscvInstsEnd.olean -i /Users/newcomb/galois/SAILRISCV/glssail/sail-riscv/build/model/Lean_RV64D_executable/.lake/build/lib/lean/LeanRV64DExecutable/RiscvInstsEnd.ilean -c /Users/newcomb/galois/SAILRISCV/glssail/sail-riscv/build/model/Lean_RV64D_executable/.lake/build/ir/LeanRV64DExecutable/RiscvInstsEnd.c --setup /Users/newcomb/galois/SAILRISCV/glssail/sail-riscv/build/model/Lean_RV64D_executable/.lake/build/ir/LeanRV64DExecutable/RiscvInstsEnd.setup.json --json",
   "level": "trace"}],
 "inputs":
 [["LeanRV64DExecutable.RiscvInstsEnd:deps",
   [["deps",
     [["Lean_RV64D_executable/LeanRV64DExecutable:extraDep",
       [["@Lean_RV64D_executable:extraDep", "1723"]]],
      ["import oleans",
       [["LeanRV64DExecutable.Flow:olean",
         [["LeanRV64DExecutable.Flow:deps", "11445142439830965580"],
          ["/Users/newcomb/galois/SAILRISCV/glssail/sail-riscv/build/model/Lean_RV64D_executable/.lake/build/lib/lean/LeanRV64DExecutable/Flow.olean",
           "16768047926373402406"]]],
        ["LeanRV64DExecutable.Prelude:olean",
         [["LeanRV64DExecutable.Prelude:deps", "5697893746860788066"],
          ["/Users/newcomb/galois/SAILRISCV/glssail/sail-riscv/build/model/Lean_RV64D_executable/.lake/build/lib/lean/LeanRV64DExecutable/Prelude.olean",
           "13102004705625250643"]]],
        ["LeanRV64DExecutable.RiscvErrors:olean",
         [["LeanRV64DExecutable.RiscvErrors:deps", "11445142439830965580"],
          ["/Users/newcomb/galois/SAILRISCV/glssail/sail-riscv/build/model/Lean_RV64D_executable/.lake/build/lib/lean/LeanRV64DExecutable/RiscvErrors.olean",
           "15517804430349613195"]]],
        ["LeanRV64DExecutable.RiscvXlen:olean",
         [["LeanRV64DExecutable.RiscvXlen:deps", "11445142439830965580"],
          ["/Users/newcomb/galois/SAILRISCV/glssail/sail-riscv/build/model/Lean_RV64D_executable/.lake/build/lib/lean/LeanRV64DExecutable/RiscvXlen.olean",
           "18339709477768402598"]]],
        ["LeanRV64DExecutable.PreludeMemAddrtype:olean",
         [["LeanRV64DExecutable.PreludeMemAddrtype:deps",
           "11445142439830965580"],
          ["/Users/newcomb/galois/SAILRISCV/glssail/sail-riscv/build/model/Lean_RV64D_executable/.lake/build/lib/lean/LeanRV64DExecutable/PreludeMemAddrtype.olean",
           "10673675557383315598"]]],
        ["LeanRV64DExecutable.Arithmetic:olean",
         [["LeanRV64DExecutable.Arithmetic:deps", "4099062543907177590"],
          ["/Users/newcomb/galois/SAILRISCV/glssail/sail-riscv/build/model/Lean_RV64D_executable/.lake/build/lib/lean/LeanRV64DExecutable/Arithmetic.olean",
           "6486638154056299224"]]],
        ["LeanRV64DExecutable.RiscvTypes:olean",
         [["LeanRV64DExecutable.RiscvTypes:deps", "11746920514244082917"],
          ["/Users/newcomb/galois/SAILRISCV/glssail/sail-riscv/build/model/Lean_RV64D_executable/.lake/build/lib/lean/LeanRV64DExecutable/RiscvTypes.olean",
           "10992456314418692778"]]],
        ["LeanRV64DExecutable.RiscvVmemTypes:olean",
         [["LeanRV64DExecutable.RiscvVmemTypes:deps", "11445142439830965580"],
          ["/Users/newcomb/galois/SAILRISCV/glssail/sail-riscv/build/model/Lean_RV64D_executable/.lake/build/lib/lean/LeanRV64DExecutable/RiscvVmemTypes.olean",
           "418936594522498822"]]],
        ["LeanRV64DExecutable.RiscvRegs:olean",
         [["LeanRV64DExecutable.RiscvRegs:deps", "14208991578133680042"],
          ["/Users/newcomb/galois/SAILRISCV/glssail/sail-riscv/build/model/Lean_RV64D_executable/.lake/build/lib/lean/LeanRV64DExecutable/RiscvRegs.olean",
           "12891912493539972483"]]],
        ["LeanRV64DExecutable.RiscvPcAccess:olean",
         [["LeanRV64DExecutable.RiscvPcAccess:deps", "7941128360318383524"],
          ["/Users/newcomb/galois/SAILRISCV/glssail/sail-riscv/build/model/Lean_RV64D_executable/.lake/build/lib/lean/LeanRV64DExecutable/RiscvPcAccess.olean",
           "11961336798215363982"]]],
        ["LeanRV64DExecutable.RiscvSysRegs:olean",
         [["LeanRV64DExecutable.RiscvSysRegs:deps", "13709893632851475931"],
          ["/Users/newcomb/galois/SAILRISCV/glssail/sail-riscv/build/model/Lean_RV64D_executable/.lake/build/lib/lean/LeanRV64DExecutable/RiscvSysRegs.olean",
           "4960311433398314267"]]],
        ["LeanRV64DExecutable.RiscvAddrChecks:olean",
         [["LeanRV64DExecutable.RiscvAddrChecks:deps", "14120817423956629621"],
          ["/Users/newcomb/galois/SAILRISCV/glssail/sail-riscv/build/model/Lean_RV64D_executable/.lake/build/lib/lean/LeanRV64DExecutable/RiscvAddrChecks.olean",
           "15423150915389343173"]]],
        ["LeanRV64DExecutable.RiscvVextRegs:olean",
         [["LeanRV64DExecutable.RiscvVextRegs:deps", "16017076707417706631"],
          ["/Users/newcomb/galois/SAILRISCV/glssail/sail-riscv/build/model/Lean_RV64D_executable/.lake/build/lib/lean/LeanRV64DExecutable/RiscvVextRegs.olean",
           "17273240417709877576"]]],
        ["LeanRV64DExecutable.RiscvVextControl:olean",
         [["LeanRV64DExecutable.RiscvVextControl:deps", "17486449703144984625"],
          ["/Users/newcomb/galois/SAILRISCV/glssail/sail-riscv/build/model/Lean_RV64D_executable/.lake/build/lib/lean/LeanRV64DExecutable/RiscvVextControl.olean",
           "11352794681129311036"]]],
        ["LeanRV64DExecutable.RiscvSysExceptions:olean",
         [["LeanRV64DExecutable.RiscvSysExceptions:deps",
           "4702954104243338026"],
          ["/Users/newcomb/galois/SAILRISCV/glssail/sail-riscv/build/model/Lean_RV64D_executable/.lake/build/lib/lean/LeanRV64DExecutable/RiscvSysExceptions.olean",
           "11143475308160149126"]]],
        ["LeanRV64DExecutable.RiscvSysControl:olean",
         [["LeanRV64DExecutable.RiscvSysControl:deps", "345644002399909641"],
          ["/Users/newcomb/galois/SAILRISCV/glssail/sail-riscv/build/model/Lean_RV64D_executable/.lake/build/lib/lean/LeanRV64DExecutable/RiscvSysControl.olean",
           "4320892304396700018"]]],
        ["LeanRV64DExecutable.RiscvMem:olean",
         [["LeanRV64DExecutable.RiscvMem:deps", "5325766476416334428"],
          ["/Users/newcomb/galois/SAILRISCV/glssail/sail-riscv/build/model/Lean_RV64D_executable/.lake/build/lib/lean/LeanRV64DExecutable/RiscvMem.olean",
           "16435980583609837541"]]],
        ["LeanRV64DExecutable.RiscvInstRetire:olean",
         [["LeanRV64DExecutable.RiscvInstRetire:deps", "11445142439830965580"],
          ["/Users/newcomb/galois/SAILRISCV/glssail/sail-riscv/build/model/Lean_RV64D_executable/.lake/build/lib/lean/LeanRV64DExecutable/RiscvInstRetire.olean",
           "12893469044883232401"]]],
        ["LeanRV64DExecutable.RiscvVmemTlb:olean",
         [["LeanRV64DExecutable.RiscvVmemTlb:deps", "1811320737856785609"],
          ["/Users/newcomb/galois/SAILRISCV/glssail/sail-riscv/build/model/Lean_RV64D_executable/.lake/build/lib/lean/LeanRV64DExecutable/RiscvVmemTlb.olean",
           "416471019082569602"]]],
        ["LeanRV64DExecutable.RiscvVmem:olean",
         [["LeanRV64DExecutable.RiscvVmem:deps", "15114495787524725595"],
          ["/Users/newcomb/galois/SAILRISCV/glssail/sail-riscv/build/model/Lean_RV64D_executable/.lake/build/lib/lean/LeanRV64DExecutable/RiscvVmem.olean",
           "13240646696918375134"]]],
        ["LeanRV64DExecutable.RiscvVmemUtils:olean",
         [["LeanRV64DExecutable.RiscvVmemUtils:deps", "2427921977730289836"],
          ["/Users/newcomb/galois/SAILRISCV/glssail/sail-riscv/build/model/Lean_RV64D_executable/.lake/build/lib/lean/LeanRV64DExecutable/RiscvVmemUtils.olean",
           "13756689322315555980"]]],
        ["LeanRV64DExecutable.RiscvInstsBase:olean",
         [["LeanRV64DExecutable.RiscvInstsBase:deps", "11268210523470363332"],
          ["/Users/newcomb/galois/SAILRISCV/glssail/sail-riscv/build/model/Lean_RV64D_executable/.lake/build/lib/lean/LeanRV64DExecutable/RiscvInstsBase.olean",
           "10090830791168703484"]]],
        ["LeanRV64DExecutable.RiscvInstsZaamo:olean",
         [["LeanRV64DExecutable.RiscvInstsZaamo:deps", "15807049056439210870"],
          ["/Users/newcomb/galois/SAILRISCV/glssail/sail-riscv/build/model/Lean_RV64D_executable/.lake/build/lib/lean/LeanRV64DExecutable/RiscvInstsZaamo.olean",
           "17242338007348089276"]]],
        ["LeanRV64DExecutable.RiscvInstsZalrsc:olean",
         [["LeanRV64DExecutable.RiscvInstsZalrsc:deps", "15675598386314623777"],
          ["/Users/newcomb/galois/SAILRISCV/glssail/sail-riscv/build/model/Lean_RV64D_executable/.lake/build/lib/lean/LeanRV64DExecutable/RiscvInstsZalrsc.olean",
           "6358167191476903270"]]],
        ["LeanRV64DExecutable.RiscvInstsMext:olean",
         [["LeanRV64DExecutable.RiscvInstsMext:deps", "11445142439830965580"],
          ["/Users/newcomb/galois/SAILRISCV/glssail/sail-riscv/build/model/Lean_RV64D_executable/.lake/build/lib/lean/LeanRV64DExecutable/RiscvInstsMext.olean",
           "1274626932196702212"]]],
        ["LeanRV64DExecutable.RiscvInstsZicsr:olean",
         [["LeanRV64DExecutable.RiscvInstsZicsr:deps", "17824532273719177261"],
          ["/Users/newcomb/galois/SAILRISCV/glssail/sail-riscv/build/model/Lean_RV64D_executable/.lake/build/lib/lean/LeanRV64DExecutable/RiscvInstsZicsr.olean",
           "9083457231715335671"]]],
        ["LeanRV64DExecutable.RiscvInstsVextUtils:olean",
         [["LeanRV64DExecutable.RiscvInstsVextUtils:deps",
           "8037597839885729157"],
          ["/Users/newcomb/galois/SAILRISCV/glssail/sail-riscv/build/model/Lean_RV64D_executable/.lake/build/lib/lean/LeanRV64DExecutable/RiscvInstsVextUtils.olean",
           "4119033229296491404"]]]]]]],
    ["libs",
     [["import dynlibs", "1723"],
      ["package external libraries", "1723"],
      ["module dynlibs", "1723"],
      ["module plugins", "1723"]]]]],
  ["Lean 4.23.0, commit 18a82c04fc59d3dba392308e09d65ee431240d89",
   "1151218723830368976"],
  ["/Users/newcomb/galois/SAILRISCV/glssail/sail-riscv/build/model/Lean_RV64D_executable/LeanRV64DExecutable/RiscvInstsEnd.lean",
   "17278797169591478649"],
  ["options", [["-Dweak.linter.style.nameCheck=false", "4240153834754761459"]]],
  ["Module.leanArgs: #[--tstack=400000]", "7360337374730004835"]],
 "depHash": "3024725175209794860"}