{"synthetic": false,
 "outputs":
 {"o": ["11143475308160149126"],
  "i": "2873737315720451954",
  "c": "10888268400671599362"},
 "log":
 [{"message":
   ".> LEAN_PATH=/Users/newcomb/galois/SAILRISCV/glssail/sail-riscv/build/model/Lean_RV64D_executable/.lake/build/lib/lean /Users/newcomb/.elan/toolchains/leanprover--lean4-nightly---nightly-2025-07-10/bin/lean --tstack=400000 /Users/newcomb/galois/SAILRISCV/glssail/sail-riscv/build/model/Lean_RV64D_executable/LeanRV64DExecutable/RiscvSysExceptions.lean -o /Users/newcomb/galois/SAILRISCV/glssail/sail-riscv/build/model/Lean_RV64D_executable/.lake/build/lib/lean/LeanRV64DExecutable/RiscvSysExceptions.olean -i /Users/newcomb/galois/SAILRISCV/glssail/sail-riscv/build/model/Lean_RV64D_executable/.lake/build/lib/lean/LeanRV64DExecutable/RiscvSysExceptions.ilean -c /Users/newcomb/galois/SAILRISCV/glssail/sail-riscv/build/model/Lean_RV64D_executable/.lake/build/ir/LeanRV64DExecutable/RiscvSysExceptions.c --setup /Users/newcomb/galois/SAILRISCV/glssail/sail-riscv/build/model/Lean_RV64D_executable/.lake/build/ir/LeanRV64DExecutable/RiscvSysExceptions.setup.json --json",
   "level": "trace"}],
 "inputs":
 [["LeanRV64DExecutable.RiscvSysExceptions:deps",
   [["deps",
     [["Lean_RV64D_executable/LeanRV64DExecutable:extraDep",
       [["@Lean_RV64D_executable:extraDep", "1723"]]],
      ["import oleans",
       [["LeanRV64DExecutable.RiscvErrors:olean",
         [["LeanRV64DExecutable.RiscvErrors:deps", "11445142439830965580"],
          ["/Users/newcomb/galois/SAILRISCV/glssail/sail-riscv/build/model/Lean_RV64D_executable/.lake/build/lib/lean/LeanRV64DExecutable/RiscvErrors.olean",
           "15517804430349613195"]]],
        ["LeanRV64DExecutable.RiscvSysRegs:olean",
         [["LeanRV64DExecutable.RiscvSysRegs:deps", "13709893632851475931"],
          ["/Users/newcomb/galois/SAILRISCV/glssail/sail-riscv/build/model/Lean_RV64D_executable/.lake/build/lib/lean/LeanRV64DExecutable/RiscvSysRegs.olean",
           "4960311433398314267"]]]]]]],
    ["libs",
     [["import dynlibs", "1723"],
      ["package external libraries", "1723"],
      ["module dynlibs", "1723"],
      ["module plugins", "1723"]]]]],
  ["Lean 4.23.0, commit 18a82c04fc59d3dba392308e09d65ee431240d89",
   "1151218723830368976"],
  ["/Users/newcomb/galois/SAILRISCV/glssail/sail-riscv/build/model/Lean_RV64D_executable/LeanRV64DExecutable/RiscvSysExceptions.lean",
   "18385291690819377550"],
  ["options", [["-Dweak.linter.style.nameCheck=false", "4240153834754761459"]]],
  ["Module.leanArgs: #[--tstack=400000]", "7360337374730004835"]],
 "depHash": "9766261135139479260"}