{"synthetic": false,
 "outputs":
 {"o": ["4320892304396700018"],
  "i": "1657586787424048363",
  "c": "14968017977593545130"},
 "log":
 [{"message":
   ".> LEAN_PATH=/Users/newcomb/galois/SAILRISCV/glssail/sail-riscv/build/model/Lean_RV64D_executable/.lake/build/lib/lean /Users/newcomb/.elan/toolchains/leanprover--lean4-nightly---nightly-2025-07-10/bin/lean --tstack=400000 /Users/newcomb/galois/SAILRISCV/glssail/sail-riscv/build/model/Lean_RV64D_executable/LeanRV64DExecutable/RiscvSysControl.lean -o /Users/newcomb/galois/SAILRISCV/glssail/sail-riscv/build/model/Lean_RV64D_executable/.lake/build/lib/lean/LeanRV64DExecutable/RiscvSysControl.olean -i /Users/newcomb/galois/SAILRISCV/glssail/sail-riscv/build/model/Lean_RV64D_executable/.lake/build/lib/lean/LeanRV64DExecutable/RiscvSysControl.ilean -c /Users/newcomb/galois/SAILRISCV/glssail/sail-riscv/build/model/Lean_RV64D_executable/.lake/build/ir/LeanRV64DExecutable/RiscvSysControl.c --setup /Users/newcomb/galois/SAILRISCV/glssail/sail-riscv/build/model/Lean_RV64D_executable/.lake/build/ir/LeanRV64DExecutable/RiscvSysControl.setup.json --json",
   "level": "trace"}],
 "inputs":
 [["LeanRV64DExecutable.RiscvSysControl:deps",
   [["deps",
     [["Lean_RV64D_executable/LeanRV64DExecutable:extraDep",
       [["@Lean_RV64D_executable:extraDep", "1723"]]],
      ["import oleans",
       [["LeanRV64DExecutable.Flow:olean",
         [["LeanRV64DExecutable.Flow:deps", "11445142439830965580"],
          ["/Users/newcomb/galois/SAILRISCV/glssail/sail-riscv/build/model/Lean_RV64D_executable/.lake/build/lib/lean/LeanRV64DExecutable/Flow.olean",
           "16768047926373402406"]]],
        ["LeanRV64DExecutable.Prelude:olean",
         [["LeanRV64DExecutable.Prelude:deps", "5697893746860788066"],
          ["/Users/newcomb/galois/SAILRISCV/glssail/sail-riscv/build/model/Lean_RV64D_executable/.lake/build/lib/lean/LeanRV64DExecutable/Prelude.olean",
           "13102004705625250643"]]],
        ["LeanRV64DExecutable.RiscvErrors:olean",
         [["LeanRV64DExecutable.RiscvErrors:deps", "11445142439830965580"],
          ["/Users/newcomb/galois/SAILRISCV/glssail/sail-riscv/build/model/Lean_RV64D_executable/.lake/build/lib/lean/LeanRV64DExecutable/RiscvErrors.olean",
           "15517804430349613195"]]],
        ["LeanRV64DExecutable.RiscvXlen:olean",
         [["LeanRV64DExecutable.RiscvXlen:deps", "11445142439830965580"],
          ["/Users/newcomb/galois/SAILRISCV/glssail/sail-riscv/build/model/Lean_RV64D_executable/.lake/build/lib/lean/LeanRV64DExecutable/RiscvXlen.olean",
           "18339709477768402598"]]],
        ["LeanRV64DExecutable.RiscvExtensions:olean",
         [["LeanRV64DExecutable.RiscvExtensions:deps", "10866947883095188015"],
          ["/Users/newcomb/galois/SAILRISCV/glssail/sail-riscv/build/model/Lean_RV64D_executable/.lake/build/lib/lean/LeanRV64DExecutable/RiscvExtensions.olean",
           "3011106881031270413"]]],
        ["LeanRV64DExecutable.RiscvTypes:olean",
         [["LeanRV64DExecutable.RiscvTypes:deps", "11746920514244082917"],
          ["/Users/newcomb/galois/SAILRISCV/glssail/sail-riscv/build/model/Lean_RV64D_executable/.lake/build/lib/lean/LeanRV64DExecutable/RiscvTypes.olean",
           "10992456314418692778"]]],
        ["LeanRV64DExecutable.RiscvCallbacks:olean",
         [["LeanRV64DExecutable.RiscvCallbacks:deps", "10663875601960190739"],
          ["/Users/newcomb/galois/SAILRISCV/glssail/sail-riscv/build/model/Lean_RV64D_executable/.lake/build/lib/lean/LeanRV64DExecutable/RiscvCallbacks.olean",
           "16118293100229353184"]]],
        ["LeanRV64DExecutable.RiscvPcAccess:olean",
         [["LeanRV64DExecutable.RiscvPcAccess:deps", "7941128360318383524"],
          ["/Users/newcomb/galois/SAILRISCV/glssail/sail-riscv/build/model/Lean_RV64D_executable/.lake/build/lib/lean/LeanRV64DExecutable/RiscvPcAccess.olean",
           "11961336798215363982"]]],
        ["LeanRV64DExecutable.RiscvSysRegs:olean",
         [["LeanRV64DExecutable.RiscvSysRegs:deps", "13709893632851475931"],
          ["/Users/newcomb/galois/SAILRISCV/glssail/sail-riscv/build/model/Lean_RV64D_executable/.lake/build/lib/lean/LeanRV64DExecutable/RiscvSysRegs.olean",
           "4960311433398314267"]]],
        ["LeanRV64DExecutable.RiscvPmpRegs:olean",
         [["LeanRV64DExecutable.RiscvPmpRegs:deps", "7474368229801640666"],
          ["/Users/newcomb/galois/SAILRISCV/glssail/sail-riscv/build/model/Lean_RV64D_executable/.lake/build/lib/lean/LeanRV64DExecutable/RiscvPmpRegs.olean",
           "17827222394958422984"]]],
        ["LeanRV64DExecutable.RiscvPmpControl:olean",
         [["LeanRV64DExecutable.RiscvPmpControl:deps", "6133084788237056152"],
          ["/Users/newcomb/galois/SAILRISCV/glssail/sail-riscv/build/model/Lean_RV64D_executable/.lake/build/lib/lean/LeanRV64DExecutable/RiscvPmpControl.olean",
           "7289634320674512179"]]],
        ["LeanRV64DExecutable.RiscvSysExceptions:olean",
         [["LeanRV64DExecutable.RiscvSysExceptions:deps",
           "4702954104243338026"],
          ["/Users/newcomb/galois/SAILRISCV/glssail/sail-riscv/build/model/Lean_RV64D_executable/.lake/build/lib/lean/LeanRV64DExecutable/RiscvSysExceptions.olean",
           "11143475308160149126"]]]]]]],
    ["libs",
     [["import dynlibs", "1723"],
      ["package external libraries", "1723"],
      ["module dynlibs", "1723"],
      ["module plugins", "1723"]]]]],
  ["Lean 4.23.0, commit 18a82c04fc59d3dba392308e09d65ee431240d89",
   "1151218723830368976"],
  ["/Users/newcomb/galois/SAILRISCV/glssail/sail-riscv/build/model/Lean_RV64D_executable/LeanRV64DExecutable/RiscvSysControl.lean",
   "3966165124068543777"],
  ["options", [["-Dweak.linter.style.nameCheck=false", "4240153834754761459"]]],
  ["Module.leanArgs: #[--tstack=400000]", "7360337374730004835"]],
 "depHash": "1385945508577837007"}