{"synthetic": false,
 "outputs":
 {"o": ["17621771135147471651"],
  "i": "17806286755761028118",
  "c": "16199939438886090104"},
 "log":
 [{"message":
   ".> LEAN_PATH=/Users/newcomb/galois/SAILRISCV/glssail/sail-riscv/build/model/Lean_RV64D_executable/.lake/build/lib/lean /Users/newcomb/.elan/toolchains/leanprover--lean4-nightly---nightly-2025-07-10/bin/lean --tstack=400000 /Users/newcomb/galois/SAILRISCV/glssail/sail-riscv/build/model/Lean_RV64D_executable/LeanRV64DExecutable/RiscvRegType.lean -o /Users/newcomb/galois/SAILRISCV/glssail/sail-riscv/build/model/Lean_RV64D_executable/.lake/build/lib/lean/LeanRV64DExecutable/RiscvRegType.olean -i /Users/newcomb/galois/SAILRISCV/glssail/sail-riscv/build/model/Lean_RV64D_executable/.lake/build/lib/lean/LeanRV64DExecutable/RiscvRegType.ilean -c /Users/newcomb/galois/SAILRISCV/glssail/sail-riscv/build/model/Lean_RV64D_executable/.lake/build/ir/LeanRV64DExecutable/RiscvRegType.c --setup /Users/newcomb/galois/SAILRISCV/glssail/sail-riscv/build/model/Lean_RV64D_executable/.lake/build/ir/LeanRV64DExecutable/RiscvRegType.setup.json --json",
   "level": "trace"}],
 "inputs":
 [["LeanRV64DExecutable.RiscvRegType:deps",
   [["deps",
     [["Lean_RV64D_executable/LeanRV64DExecutable:extraDep",
       [["@Lean_RV64D_executable:extraDep", "1723"]]],
      ["import oleans",
       [["LeanRV64DExecutable.Prelude:olean",
         [["LeanRV64DExecutable.Prelude:deps", "5697893746860788066"],
          ["/Users/newcomb/galois/SAILRISCV/glssail/sail-riscv/build/model/Lean_RV64D_executable/.lake/build/lib/lean/LeanRV64DExecutable/Prelude.olean",
           "13102004705625250643"]]]]]]],
    ["libs",
     [["import dynlibs", "1723"],
      ["package external libraries", "1723"],
      ["module dynlibs", "1723"],
      ["module plugins", "1723"]]]]],
  ["Lean 4.23.0, commit 18a82c04fc59d3dba392308e09d65ee431240d89",
   "1151218723830368976"],
  ["/Users/newcomb/galois/SAILRISCV/glssail/sail-riscv/build/model/Lean_RV64D_executable/LeanRV64DExecutable/RiscvRegType.lean",
   "2611708362020209165"],
  ["options", [["-Dweak.linter.style.nameCheck=false", "4240153834754761459"]]],
  ["Module.leanArgs: #[--tstack=400000]", "7360337374730004835"]],
 "depHash": "4329272746146454500"}