{"synthetic": false,
 "outputs":
 {"o": ["6993606685052388776"],
  "i": "13937543431739720312",
  "c": "12962572872008092781"},
 "log":
 [{"message":
   ".> LEAN_PATH=/Users/newcomb/galois/SAILRISCV/glssail/sail-riscv/build/model/Lean_RV64D_executable/.lake/build/lib/lean /Users/newcomb/.elan/toolchains/leanprover--lean4-nightly---nightly-2025-07-10/bin/lean --tstack=400000 /Users/newcomb/galois/SAILRISCV/glssail/sail-riscv/build/model/Lean_RV64D_executable/LeanRV64DExecutable/Sail/BitVec.lean -o /Users/newcomb/galois/SAILRISCV/glssail/sail-riscv/build/model/Lean_RV64D_executable/.lake/build/lib/lean/LeanRV64DExecutable/Sail/BitVec.olean -i /Users/newcomb/galois/SAILRISCV/glssail/sail-riscv/build/model/Lean_RV64D_executable/.lake/build/lib/lean/LeanRV64DExecutable/Sail/BitVec.ilean -c /Users/newcomb/galois/SAILRISCV/glssail/sail-riscv/build/model/Lean_RV64D_executable/.lake/build/ir/LeanRV64DExecutable/Sail/BitVec.c --setup /Users/newcomb/galois/SAILRISCV/glssail/sail-riscv/build/model/Lean_RV64D_executable/.lake/build/ir/LeanRV64DExecutable/Sail/BitVec.setup.json --json",
   "level": "trace"}],
 "inputs":
 [["LeanRV64DExecutable.Sail.BitVec:deps",
   [["deps",
     [["Lean_RV64D_executable/LeanRV64DExecutable:extraDep",
       [["@Lean_RV64D_executable:extraDep", "1723"]]],
      ["import oleans", "1723"]]],
    ["libs",
     [["import dynlibs", "1723"],
      ["package external libraries", "1723"],
      ["module dynlibs", "1723"],
      ["module plugins", "1723"]]]]],
  ["Lean 4.23.0, commit 18a82c04fc59d3dba392308e09d65ee431240d89",
   "1151218723830368976"],
  ["/Users/newcomb/galois/SAILRISCV/glssail/sail-riscv/build/model/Lean_RV64D_executable/LeanRV64DExecutable/Sail/BitVec.lean",
   "8562926006804249942"],
  ["options", [["-Dweak.linter.style.nameCheck=false", "4240153834754761459"]]],
  ["Module.leanArgs: #[--tstack=400000]", "7360337374730004835"]],
 "depHash": "9371965144848527902"}