{"synthetic": false,
 "outputs":
 {"o": ["2337262681271118234"],
  "i": "2744876678541613307",
  "c": "7084338456776585723"},
 "log":
 [{"message":
   ".> LEAN_PATH=/Users/newcomb/galois/SAILRISCV/glssail/sail-riscv/build/model/Lean_RV64D_executable/.lake/build/lib/lean /Users/newcomb/.elan/toolchains/leanprover--lean4-nightly---nightly-2025-07-10/bin/lean --tstack=400000 /Users/newcomb/galois/SAILRISCV/glssail/sail-riscv/build/model/Lean_RV64D_executable/LeanRV64DExecutable.lean -o /Users/newcomb/galois/SAILRISCV/glssail/sail-riscv/build/model/Lean_RV64D_executable/.lake/build/lib/lean/LeanRV64DExecutable.olean -i /Users/newcomb/galois/SAILRISCV/glssail/sail-riscv/build/model/Lean_RV64D_executable/.lake/build/lib/lean/LeanRV64DExecutable.ilean -c /Users/newcomb/galois/SAILRISCV/glssail/sail-riscv/build/model/Lean_RV64D_executable/.lake/build/ir/LeanRV64DExecutable.c --setup /Users/newcomb/galois/SAILRISCV/glssail/sail-riscv/build/model/Lean_RV64D_executable/.lake/build/ir/LeanRV64DExecutable.setup.json --json",
   "level": "trace"}],
 "inputs":
 [["LeanRV64DExecutable:deps",
   [["deps",
     [["Lean_RV64D_executable/LeanRV64DExecutable:extraDep",
       [["@Lean_RV64D_executable:extraDep", "1723"]]],
      ["import oleans",
       [["LeanRV64DExecutable.RiscvStep:olean",
         [["LeanRV64DExecutable.RiscvStep:deps", "1598818551623452950"],
          ["/Users/newcomb/galois/SAILRISCV/glssail/sail-riscv/build/model/Lean_RV64D_executable/.lake/build/lib/lean/LeanRV64DExecutable/RiscvStep.olean",
           "14656634381165920466"]]]]]]],
    ["libs",
     [["import dynlibs", "1723"],
      ["package external libraries", "1723"],
      ["module dynlibs", "1723"],
      ["module plugins", "1723"]]]]],
  ["Lean 4.23.0, commit 18a82c04fc59d3dba392308e09d65ee431240d89",
   "1151218723830368976"],
  ["/Users/newcomb/galois/SAILRISCV/glssail/sail-riscv/build/model/Lean_RV64D_executable/LeanRV64DExecutable.lean",
   "13471973508099673695"],
  ["options", [["-Dweak.linter.style.nameCheck=false", "4240153834754761459"]]],
  ["Module.leanArgs: #[--tstack=400000]", "7360337374730004835"]],
 "depHash": "882927604122858075"}